\BOOKMARK [1][-]{section.1}{\376\377\116\000\060\001\137\025\212\000}{}% 1
\BOOKMARK [1][-]{section.2}{\376\377\116\214\060\001\116\373\122\241\166\356\150\007\116\016\174\373\176\337\213\276\213\241}{}% 2
\BOOKMARK [2][-]{subsection.2.1}{\376\377\116\373\122\241\166\356\150\007}{section.2}% 3
\BOOKMARK [2][-]{subsection.2.2}{\376\377\174\373\176\337\116\244\116\222\155\101\172\013}{section.2}% 4
\BOOKMARK [2][-]{subsection.2.3}{\376\377\116\343\170\001\176\323\147\204}{section.2}% 5
\BOOKMARK [1][-]{section.3}{\376\377\116\011\060\001\135\345\172\013\133\236\163\260\176\306\202\202}{}% 6
\BOOKMARK [2][-]{subsection.3.1}{\376\377\126\376\120\317\217\223\121\145\116\016\145\160\143\156\211\304\203\003}{section.3}% 7
\BOOKMARK [2][-]{subsection.3.2}{\376\377\133\236\145\366\213\241\173\227\155\101\172\013}{section.3}% 8
\BOOKMARK [2][-]{subsection.3.3}{\376\377\230\221\214\061\230\165\116\016\123\302\145\160\213\276\213\241}{section.3}% 9
\BOOKMARK [2][-]{subsection.3.4}{\376\377\116\013\217\175\116\016\131\015\163\260\213\276\213\241}{section.3}% 10
\BOOKMARK [1][-]{section.4}{\376\377\126\333\060\001\126\152\130\360\152\041\127\213}{}% 11
\BOOKMARK [2][-]{subsection.4.1}{\376\377\232\330\145\257\126\152\130\360}{section.4}% 12
\BOOKMARK [2][-]{subsection.4.2}{\376\377\151\022\166\320\126\152\130\360}{section.4}% 13
\BOOKMARK [2][-]{subsection.4.3}{\376\377\124\150\147\037\126\152\130\360}{section.4}% 14
\BOOKMARK [1][-]{section.5}{\376\377\116\224\060\001\172\172\127\337\156\344\154\342\145\271\154\325}{}% 15
\BOOKMARK [2][-]{subsection.5.1}{\376\377\127\107\120\074\156\344\154\342}{section.5}% 16
\BOOKMARK [2][-]{subsection.5.2}{\376\377\116\055\120\074\156\344\154\342}{section.5}% 17
\BOOKMARK [1][-]{section.6}{\376\377\121\155\060\001\230\221\127\337\122\006\147\220\116\016\156\344\154\342\126\150\213\276\213\241}{}% 18
\BOOKMARK [2][-]{subsection.6.1}{\376\377\116\214\176\364\000\040\000D\000F\000T\000\040\116\016\230\221\214\061\211\302\133\337}{section.6}% 19
\BOOKMARK [2][-]{subsection.6.2}{\376\377\117\116\220\032\156\344\154\342\126\150}{section.6}% 20
\BOOKMARK [2][-]{subsection.6.3}{\376\377\137\204\124\021\000\040\000B\000a\000n\000d\000-\000S\000t\000o\000p\000\040\156\344\154\342\126\150}{section.6}% 21
\BOOKMARK [2][-]{subsection.6.4}{\376\377\142\020\133\371\226\167\154\342\136\046\226\073\156\344\154\342\126\150}{section.6}% 22
\BOOKMARK [1][-]{section.7}{\376\377\116\003\060\001\117\335\217\271\156\344\154\342\116\016\232\330\176\247\123\273\126\152}{}% 23
\BOOKMARK [2][-]{subsection.7.1}{\376\377\123\314\217\271\156\344\154\342}{section.7}% 24
\BOOKMARK [2][-]{subsection.7.2}{\376\377\227\136\134\100\220\350\127\107\120\074\000\040\000N\000L\000M}{section.7}% 25
\BOOKMARK [1][-]{section.8}{\376\377\121\153\060\001\213\304\116\367\143\007\150\007\116\016\201\352\122\250\214\003\123\302}{}% 26
\BOOKMARK [2][-]{subsection.8.1}{\376\377\147\011\123\302\200\003\126\376\120\317\145\366\166\204\143\007\150\007}{section.8}% 27
\BOOKMARK [2][-]{subsection.8.2}{\376\377\215\035\123\366\145\257\117\030\123\026\166\356\150\007\121\375\145\160}{section.8}% 28
\BOOKMARK [1][-]{section.9}{\376\377\116\135\060\001\124\016\131\004\164\006\225\020\123\026}{}% 29
\BOOKMARK [1][-]{section.10}{\376\377\123\101\060\001\133\236\232\214\176\323\147\234\116\016\122\006\147\220}{}% 30
\BOOKMARK [2][-]{subsection.10.1}{\376\377\232\330\145\257\126\152\130\360\133\236\232\214}{section.10}% 31
\BOOKMARK [2][-]{subsection.10.2}{\376\377\151\022\166\320\126\152\130\360\133\236\232\214}{section.10}% 32
\BOOKMARK [2][-]{subsection.10.3}{\376\377\124\150\147\037\126\152\130\360\133\236\232\214}{section.10}% 33
\BOOKMARK [2][-]{subsection.10.4}{\376\377\155\367\124\010\126\152\130\360\133\236\232\214}{section.10}% 34
\BOOKMARK [2][-]{subsection.10.5}{\376\377\217\271\177\030\116\016\160\160\136\246\166\364\145\271\126\376\211\302\133\337}{section.10}% 35
\BOOKMARK [1][-]{section.11}{\376\377\123\101\116\000\060\001\123\302\145\160\220\011\142\351\213\250\213\272}{}% 36
\BOOKMARK [2][-]{subsection.11.1}{\376\377\172\172\127\337\123\302\145\160}{section.11}% 37
\BOOKMARK [2][-]{subsection.11.2}{\376\377\230\221\127\337\123\302\145\160}{section.11}% 38
\BOOKMARK [2][-]{subsection.11.3}{\376\377\117\335\217\271\116\016\000\040\000N\000L\000M\000\040\123\302\145\160}{section.11}% 39
\BOOKMARK [1][-]{section.12}{\376\377\123\101\116\214\060\001\174\373\176\337\162\171\160\271\116\016\116\015\215\263}{}% 40
\BOOKMARK [2][-]{subsection.12.1}{\376\377\174\373\176\337\162\171\160\271}{section.12}% 41
\BOOKMARK [2][-]{subsection.12.2}{\376\377\116\015\215\263\116\016\145\071\217\333\145\271\124\021}{section.12}% 42
\BOOKMARK [1][-]{section*.2}{\376\377\142\020\124\130\122\006\135\345}{}% 43
\BOOKMARK [1][-]{section*.3}{\376\377\176\323\213\272}{}% 44
\BOOKMARK [1][-]{section*.3}{\376\377\123\302\200\003\145\207\163\056}{}% 45
